// Jest Snapshot v1, https://goo.gl/fbAQLP

exports[`<Navbar /> tests should render correctly 1`] = `ReactWrapper {}`;
