// Jest Snapshot v1, https://goo.gl/fbAQLP

exports[`<AppRouter /> Tests should render loggin component if not authenticated 1`] = `ReactWrapper {}`;
