// Jest Snapshot v1, https://goo.gl/fbAQLP

exports[`<DashboardRoutes /> Tests should render correctly 1`] = `ReactWrapper {}`;
